// Code generated by protoc-gen-go. DO NOT EDIT.
// versions:
// 	protoc-gen-go (unknown)
// 	protoc        v3.19.6
// source: helloworld_protogen.proto

package helloworld

// The request message containing the user's name.
type HelloRequest struct {
	Name string
}

// The response message containing the greetings
type HelloReply struct {
	Message string
}
