// Code generated by protoc-gen-go. DO NOT EDIT.
// versions:
// 	protoc-gen-go (unknown)
// 	protoc        v3.19.6
// source: prodcon_protogen.proto

package prodcon

type ConsumeByteRequest struct {
	Value []byte
}

type ConsumeByteReply struct {
	Value  bool
	Length int32
}
